
****************************************************************
****************************************************************
**                                                            **
**                                                            **
**        CCC     OO      SSS    M    M     OO      SSS       **
**       C       O  O    S       MM  MM    O  O    S          **
**       C       O  O     SS     M MM M    O  O     SS        **
**       C       O  O       S    M    M    O  O       S       **
**        CCC     OO     SSS     M    M     OO     SSS        **
**                                                            **
**                                                            **
**             SOLIDWORKS Simulation 2025 - SP5               **
**                 Simulation Premium Package                 **
**           Distributed By: SOLIDWORKS Corporation           **
**               21255 Burbank Blvd Suite 400                 **
**               Woodland Hills, California 91367             **
**               Telephone Number (774)556-3100               **
**         Copyright 1988-2018 SOLIDWORKS Corporation         **
**                                                            **
****************************************************************
****************************************************************

Problem name: C:\Users\lin\Documents\GitHub\mAGGIE\MA-
Date        : 03/18/2026     Time:   16:57:14


 SYSTEM OF UNITS:
 International System of Units, SI, is used for all input/output data.
 Common Quantities:
 Length:meter, Mass:kilogram, Time:second, Temperature:kelvin
 Force:newton, Pressure also stress:pascal, Energy:joule, Power:watt

 NUMBER OF PHYSICAL CORES USED TO RUN SIMULATION:  4

  C O N T R O L  I N F O R M A T I O N                  

   CURRENT RESTRAINT SET . . . . . . . . . . . (BC_SET)  =           1

   NUMBER OF LOAD CASES  . . . . . . . . . . . (NLCASE)  =           1
   SOLUTION MODE . . . . . . . . . . . . . . . (MODEX)   =           0
      EQ. 0, STATIC ANALYSIS                              
      EQ. 1, BUCKLING ANALYSIS                            
      EQ. 2, DYNAMIC ANALYSIS                             
      EQ. 3, DROP TEST                                    

   SOLVER TYPE . . . . . . . . . . . . . . . . .(ISOL)   =           2
      EQ. 0, DIRECT SPARSE SOLVER                         
      EQ. 1, DIRECT SKYLINE SOLVER                        
      EQ. 2, ITERATIVE SOLVER                             
      EQ. 3, EXPLICIT INTEGRATION                         
      EQ. 4, LARGE PROBLEM DIRECT SPARSE SOLVER           
      EQ. 5, INTEL DIRECT SPARSE SOLVER                   
      EQ. 6, INTEL NETWORK SPARSE SOLVER                  
      EQ. 7, SINGULAR VALUE DECOMPOSTION (SVD)            

   ITERATIVE SOLUTION MODE . . . . . . . . . . (IMODE)   =           2
      EQ. 1, GENERAL                                      
      EQ. 2, MEMORY SAVER (FOR TETRA10)                   
      EQ. 3, ULTRA-MEMORY SAVER (FOR TETRA10)             

   SOLVER CONVERGENCE TOLERANCE  . . . . . . . (CONVR)   =   0.100E-03

   THERMAL LOADING FLAG . . . . . . . . . . . .(ITHERM)  =           0
      EQ. 0, NO THERMAL EFFECTS CONSIDERED                
      EQ. 1, ADD TEMPERATURE EFFECT                       
   GRAVITY LOADING FLAG . . . . . . . . . . . .(IGRAV)   =           0
      EQ. 0, NO GRAVITY LOADING CONSIDERED                
      EQ. 1, ADD GRAVITY LOADING EFFECT                   
   CENTRIFUGAL LOADING FLAG . . . . . . . . . .(ICNTRF)  =           0
      EQ. 0, NO CENTRIFUGAL LOADING CONSIDERED            
      EQ. 1, ADD CENTRIFUGAL LOADING EFFECT               
   IN-PLANE STIFFENING FLAG . . . . . . . . . .(INPLN)   =           0
      EQ. 0, NO IN-PLANE EFFECTS CONSIDERED               
      EQ. 1, IN-PLANE EFFECTS CONSIDERED                  
   SOFT SPRING ADDITION FLAG . . . . . . . . . (ISOFT)   =           0
      EQ. 0, NO SOFT SPRING OPTION                        
      EQ. 1, SOFT SPRING ADDED                            

   SAVE DECOMPOSED STIFFNESS MATRIX FLAG . . . (ISAVK)   =           0
      EQ. 0, DO NOT SAVE DECOMPOSED K                     
      EQ. 1, SAVE DECOMPOSED K                            
   FORM STIFFNESS MATRIX FLAG . . . . . . . . .(IFORMK)  =           0
      EQ. 0, FORM STIFFNESS MATRIX                        
      EQ. 1, USE EXISTING DECOMPOSED STIFFNESS MATRIX     

   SPIN SOFTENING FLAG . . . . . . . . . . . . (ISPIN)   =           0
      EQ. 0, NO SPIN SOFTENING EFFECTS CONSIDERED         
      EQ. 1, SPIN SOFTENING EFFECTS CONSIDERED            
   INERTIA RELIEF FLAG  . . . . . . . . . . . .(IFORMK)  =           0
      EQ. 0, NO INERITA RELIEF EFFECTS CONSIDERED         
      EQ. 1, INERITA RELIEF EFFECTS CONSIDERED            
   RIGID CONNECTIONS FLAG  . . . . . . . . . . (IRIGID)  =           0
      EQ. 0, HINGE CONNECTIONS BETWEEN SOLIDS & SHELLS    
      EQ. 1, RIGID CONNECTIONS BETWEEN SOLIDS & SHELLS    


  T O T A L  S Y S T E M  D A T A                        
   NUMBER OF EQUATIONS . . . . . . . . . . . . . .(NEQ)  =      119271
   NUMBER OF ELEMENTS. . . . . . . . . . . . . . .(NUME) =       29063
   NUMBER OF NODAL POINTS. . . . . . . . . . . . .(NUMNP)=       45806




************************************************************************
    D I S P L A C E M E N T     P R I N T O U T    (LOAD CASE     1)
************************************************************************




************************************************************************
    D I S P L A C E M E N T     P R I N T O U T    (LOAD CASE     1)
************************************************************************


  STATUS OF THERMAL EFFECTS FOR THIS LOAD CASE:
  ---------------------------------------------

    - Thermal flag is off (no thermal effect)


   NUMBER OF PARTS  . . . . . . . . . . . . .  (NPARTS)  =           1




  S O L U T I O N   T I M E   l O G   (In Second)

  Input Phase and Contact/Bond/Connector set up .......=    0.7
  Stiffness + Contact + Connectors Computation  .......=    0.0
  SVD Solver ..........................................=    0.0
  Re-organization of Modeshapes .......................=    0.0

  TOTAL SOLUTION ......................................=    0.7

             D I S P L A C E M E N T S

     NODE X-DISPL.     Y-DISPL.     Z-DISPL.     XX-ROT.      YY-ROT.      ZZ-ROT.


 MINIMUM/MAXIMUM DISPLACEMENTS

  NODE     19378         3264        20042            0            0            0
  MIN.  -1.92456E-06 -6.92644E-06 -2.52026E-07   0.0000       0.0000       0.0000    

  NODE     26110         8892        21337            0            0            0
  MAX.   1.94250E-06  7.23253E-08  4.36891E-06   0.0000       0.0000       0.0000    

 MAXIMUM RESULTANT DISPLACEMENT

  NODE      3264
  MAX.   8.15396E-06




********************************************************************************
         R E A C T I O N   F O R C E   F O R   LOAD CASE NO.  1
********************************************************************************

    NODE CSYS    Fx         Fy         Fz         Mx         My         Mz

 FOR REQUESTED                 (Global Cartesian Coord. System)
    NODES         FX         FY         FZ         MX         MY         MZ
 Total React. -.2358E-01 0.1334E+04 0.1105E-01 0.0000E+00 0.0000E+00 0.0000E+00
  



********************************************************************************
 MAXIMUM NODAL VON MISES STRESS & ERROR ESTIMATE FOR LOAD CASE   1
********************************************************************************

  NODE        40
  MAX.     0.97225E+06



   E R R O R    E S T I M A T I O N
   (for requested elements)

   Total Strain Energy (TSE)        =  0.326772E-02
   Total Error Energy (TEE)         =  0.243052E-04
   Ave. Percentage Error (APE)      =  0.608704E+01
     ( APE =  sqrt (TEE/(TSE*2. + TEE)) * 100. )

   SOLVER TYPE ACTUALLY USED . . . . . . . . . .(FISOL)  =           2
      EQ. 0, DIRECT SPARSE SOLVER                         
      EQ. 1, DIRECT SKYLINE SOLVER                        
      EQ. 2, ITERATIVE SOLVER                             
      EQ. 3, EXPLICIT INTEGRATION                         
      EQ. 4, LARGE PROBLEM DIRECT SPARSE SOLVER           
      EQ. 5, INTEL DIRECT SPARSE SOLVER                   
      EQ. 6, INTEL NETWORK SPARSE SOLVER                  


  S O L U T I O N   T I M E   L O G   I N   S E C
            FOR PROBLEM
     TIME FOR INPUT PHASE  . . . . . . . . . . . . . . =       0
     TIME FOR CALCULATION OF STRUCTURE STIFFNESS MATRIX=       0
     TIME FOR FFEPLUS (PCG ITERATIVE) SOLVER . . . . . =       1
     TIME FOR AL CONTACT (AND/OR LARGE DISP) OPERATIONS=       0
     TIME FOR REACTION FORCE & DISP UPDATE TO POST . . =       0
     TIME FOR STRESS CALCULATION . . . . . . . . . . . =       0
     TIME FOR LOAD CASE SOLUTIONS  . . . . . . . . . . =       0
      T O T A L   S O L U T I O N   T I M E  . . . . . =       2



T O T A L   S O L U T I O N   T I M E (sec) . . . . =       2
   MAXIMUM MEMORY USED IN MEGABYTES . . . . . . (MAXMB)  =          97

